testinvalid.md:3:3:Grafana.ApacheProjectNames:Use the full Apache project name in the first instance.
