testinvalid.md:3:3:Grafana.Quickstart:Use the compound adjective without a hyphen whether the noun is implied or explicit. For example, you can use _quickstart guide_ or just _quickstart_.
