testinvalid.md:3:3:Grafana.Wish:Use 'need' or 'want' instead of 'wish'.
