testinvalid.md:3:3:Grafana.AltText:All images must have alt text.
